000 (11096566.000.000) 2023-07-07 12:37:44 Job submitted from host: <128.104.101.92:9618?addrs=128.104.101.92-9618+[2607-f388-107c-501-a236-9fff-fe3c-caa8]-9618&alias=submit2.chtc.wisc.edu&noUDP&sock=schedd_1879732_618e>
...
040 (11096566.000.000) 2023-07-07 12:39:57 Started transferring input files
	Transferring to host: <128.105.69.212:9618?addrs=128.105.69.212-9618+[2607-f388-2200-100-eaeb-d3ff-fe40-1554]-9618&alias=e2595.chtc.wisc.edu&noUDP&sock=slot1_105_22870_bbdb_9137>
...
040 (11096566.000.000) 2023-07-07 12:39:57 Finished transferring input files
...
001 (11096566.000.000) 2023-07-07 12:39:58 Job executing on host: <128.105.69.212:9618?addrs=128.105.69.212-9618+[2607-f388-2200-100-eaeb-d3ff-fe40-1554]-9618&alias=e2595.chtc.wisc.edu&noUDP&sock=startd_22738_f488>
	SlotName: slot1_105@e2595.chtc.wisc.edu
	CondorScratchDir = "/var/lib/condor/execute/slot1/dir_2353506"
	Cpus = 1
	Disk = 1458998
	IoHeavy = 0
	Memory = 128
...
006 (11096566.000.000) 2023-07-07 12:40:07 Image size of job updated: 35
	0  -  MemoryUsage of job (MB)
	0  -  ResidentSetSize of job (KB)
...
006 (11096566.000.000) 2023-07-07 12:40:08 Image size of job updated: 256
	0  -  MemoryUsage of job (MB)
	0  -  ResidentSetSize of job (KB)
...
040 (11096566.000.000) 2023-07-07 12:40:08 Started transferring output files
...
040 (11096566.000.000) 2023-07-07 12:40:08 Finished transferring output files
...
005 (11096566.000.000) 2023-07-07 12:40:08 Job terminated.
	(1) Normal termination (return value 0)
		Usr 0 00:00:00, Sys 0 00:00:00  -  Run Remote Usage
		Usr 0 00:00:00, Sys 0 00:00:00  -  Run Local Usage
		Usr 0 00:00:00, Sys 0 00:00:00  -  Total Remote Usage
		Usr 0 00:00:00, Sys 0 00:00:00  -  Total Local Usage
	0  -  Run Bytes Sent By Job
	33128  -  Run Bytes Received By Job
	0  -  Total Bytes Sent By Job
	33128  -  Total Bytes Received By Job
	Partitionable Resources :    Usage  Request Allocated 
	   Cpus                 :                 1         1 
	   Disk (KB)            :       49        1   1458998 
	   IoHeavy              :                           0 
	   Memory (MB)          :        0       64       128 

	Job terminated of its own accord at 2023-07-07T17:40:08Z with exit-code 0.
...
000 (11099856.000.000) 2023-07-10 10:20:41 Job submitted from host: <128.104.101.92:9618?addrs=128.104.101.92-9618+[2607-f388-107c-501-a236-9fff-fe3c-caa8]-9618&alias=submit2.chtc.wisc.edu&noUDP&sock=schedd_1879732_618e>
...
040 (11099856.000.000) 2023-07-10 10:21:34 Started transferring input files
	Transferring to host: <128.105.69.187:9618?addrs=128.105.69.187-9618+[2607-f388-2200-100-1270-fdff-fe56-b86c]-9618&alias=e4039.chtc.wisc.edu&noUDP&sock=slot1_149_171821_3024_63092>
...
040 (11099856.000.000) 2023-07-10 10:21:34 Finished transferring input files
...
001 (11099856.000.000) 2023-07-10 10:21:35 Job executing on host: <128.105.69.187:9618?addrs=128.105.69.187-9618+[2607-f388-2200-100-1270-fdff-fe56-b86c]-9618&alias=e4039.chtc.wisc.edu&noUDP&sock=startd_15786_7621>
	SlotName: slot1_149@e4039.chtc.wisc.edu
	CondorScratchDir = "/var/lib/condor/execute/slot1/dir_896502"
	Cpus = 1
	Disk = 1208198
	IoHeavy = 0
	Memory = 128
...
006 (11099856.000.000) 2023-07-10 10:21:43 Image size of job updated: 35
	0  -  MemoryUsage of job (MB)
	0  -  ResidentSetSize of job (KB)
...
006 (11099856.000.000) 2023-07-10 10:21:45 Image size of job updated: 256
	0  -  MemoryUsage of job (MB)
	0  -  ResidentSetSize of job (KB)
...
040 (11099856.000.000) 2023-07-10 10:21:45 Started transferring output files
...
040 (11099856.000.000) 2023-07-10 10:21:45 Finished transferring output files
...
005 (11099856.000.000) 2023-07-10 10:21:45 Job terminated.
	(1) Normal termination (return value 0)
		Usr 0 00:00:00, Sys 0 00:00:00  -  Run Remote Usage
		Usr 0 00:00:00, Sys 0 00:00:00  -  Run Local Usage
		Usr 0 00:00:00, Sys 0 00:00:00  -  Total Remote Usage
		Usr 0 00:00:00, Sys 0 00:00:00  -  Total Local Usage
	0  -  Run Bytes Sent By Job
	33128  -  Run Bytes Received By Job
	0  -  Total Bytes Sent By Job
	33128  -  Total Bytes Received By Job
	Partitionable Resources :    Usage  Request Allocated 
	   Cpus                 :                 1         1 
	   Disk (KB)            :       50        1   1208198 
	   IoHeavy              :                           0 
	   Memory (MB)          :        0       64       128 

	Job terminated of its own accord at 2023-07-10T15:21:45Z with exit-code 0.
...
